// Jest Snapshot v1, https://goo.gl/fbAQLP

exports[`Button component should render correctly 1`] = `
<span
  class="shoppingItemText"
>
  0
</span>
`;
