// Jest Snapshot v1, https://goo.gl/fbAQLP

exports[`App component should render correctly 1`] = `
<div>
  <ul
    id="navBar"
  >
    <li>
      <a
        href="/"
      >
        <img
          id="logo-image"
          src="../icons/logo2.png"
        />
        <span
          id="logo-text"
        >
          Brew Day!
        </span>
      </a>
    </li>
    <li>
      <a
        href="/ricette"
      >
        Ricette
      </a>
    </li>
    <li>
      <a
        href="/birre"
      >
        Birre
      </a>
    </li>
    <li>
      <a
        href="/inventario"
      >
        Inventario
      </a>
    </li>
    <li>
      <a
        href="/spesa"
      >
        Spesa
      </a>
    </li>
  </ul>
</div>
`;
